Added Component: Designator=C1(C0603)
Add component (AddParameter): Name = "Name"; Value = "C15849"; VariantName = "[No Variations]"
Add component (AddParameter): Name = "Source"; Value = "LCSC"; VariantName = "[No Variations]"
Add component (AddParameter): Name = "Value"; Value = "1uF"; VariantName = "[No Variations]"
Added Component: Designator=C2(C0805)
Add component (AddParameter): Name = "Name"; Value = "C45783"; VariantName = "[No Variations]"
Add component (AddParameter): Name = "Source"; Value = "LCSC"; VariantName = "[No Variations]"
Add component (AddParameter): Name = "Value"; Value = "22uF"; VariantName = "[No Variations]"
Added Component: Designator=C3(C0603)
Add component (AddParameter): Name = "Name"; Value = "C14663"; VariantName = "[No Variations]"
Add component (AddParameter): Name = "Source"; Value = "LCSC"; VariantName = "[No Variations]"
Add component (AddParameter): Name = "Value"; Value = "100nF"; VariantName = "[No Variations]"
Added Component: Designator=C4(C0603)
Add component (AddParameter): Name = "Name"; Value = "C466768"; VariantName = "[No Variations]"
Add component (AddParameter): Name = "Source"; Value = "LCSC"; VariantName = "[No Variations]"
Add component (AddParameter): Name = "Value"; Value = "100nF"; VariantName = "[No Variations]"
Added Component: Designator=C5(C0805)
Add component (AddParameter): Name = "Name"; Value = "C45783"; VariantName = "[No Variations]"
Add component (AddParameter): Name = "Source"; Value = "LCSC"; VariantName = "[No Variations]"
Add component (AddParameter): Name = "Value"; Value = "22uF"; VariantName = "[No Variations]"
Added Component: Designator=C6(C0805)
Add component (AddParameter): Name = "Name"; Value = "C45783"; VariantName = "[No Variations]"
Add component (AddParameter): Name = "Source"; Value = "LCSC"; VariantName = "[No Variations]"
Add component (AddParameter): Name = "Value"; Value = "22uF"; VariantName = "[No Variations]"
Added Component: Designator=C7(C0603)
Add component (AddParameter): Name = "Name"; Value = "C14663"; VariantName = "[No Variations]"
Add component (AddParameter): Name = "Source"; Value = "LCSC"; VariantName = "[No Variations]"
Add component (AddParameter): Name = "Value"; Value = "100nF"; VariantName = "[No Variations]"
Added Component: Designator=C8(C0805)
Add component (AddParameter): Name = "Name"; Value = "C45783"; VariantName = "[No Variations]"
Add component (AddParameter): Name = "Source"; Value = "LCSC"; VariantName = "[No Variations]"
Add component (AddParameter): Name = "Value"; Value = "22uF"; VariantName = "[No Variations]"
Added Component: Designator=C9(C0805)
Add component (AddParameter): Name = "Name"; Value = "C45783"; VariantName = "[No Variations]"
Add component (AddParameter): Name = "Source"; Value = "LCSC"; VariantName = "[No Variations]"
Add component (AddParameter): Name = "Value"; Value = "22uF"; VariantName = "[No Variations]"
Added Component: Designator=C10(C0603)
Add component (AddParameter): Name = "Name"; Value = "C15849"; VariantName = "[No Variations]"
Add component (AddParameter): Name = "Source"; Value = "LCSC"; VariantName = "[No Variations]"
Add component (AddParameter): Name = "Value"; Value = "1uF"; VariantName = "[No Variations]"
Added Component: Designator=C11(C0603)
Add component (AddParameter): Name = "Name"; Value = "C1671"; VariantName = "[No Variations]"
Add component (AddParameter): Name = "Source"; Value = "LCSC"; VariantName = "[No Variations]"
Add component (AddParameter): Name = "Value"; Value = "47pF"; VariantName = "[No Variations]"
Added Component: Designator=C12(C0603)
Add component (AddParameter): Name = "Name"; Value = "C21120"; VariantName = "[No Variations]"
Add component (AddParameter): Name = "Source"; Value = "LCSC"; VariantName = "[No Variations]"
Add component (AddParameter): Name = "Value"; Value = "220nF"; VariantName = "[No Variations]"
Added Component: Designator=C13(C0603)
Add component (AddParameter): Name = "Name"; Value = "C48543706"; VariantName = "[No Variations]"
Add component (AddParameter): Name = "Source"; Value = "LCSC"; VariantName = "[No Variations]"
Add component (AddParameter): Name = "Value"; Value = "33pF"; VariantName = "[No Variations]"
Added Component: Designator=C14(C0805)
Add component (AddParameter): Name = "Name"; Value = "C45783"; VariantName = "[No Variations]"
Add component (AddParameter): Name = "Source"; Value = "LCSC"; VariantName = "[No Variations]"
Add component (AddParameter): Name = "Value"; Value = "22uF"; VariantName = "[No Variations]"
Added Component: Designator=C15(C0603)
Add component (AddParameter): Name = "Name"; Value = "C15849"; VariantName = "[No Variations]"
Add component (AddParameter): Name = "Source"; Value = "LCSC"; VariantName = "[No Variations]"
Add component (AddParameter): Name = "Value"; Value = "1uF"; VariantName = "[No Variations]"
Added Component: Designator=C16(C0805)
Add component (AddParameter): Name = "Name"; Value = "C45783"; VariantName = "[No Variations]"
Add component (AddParameter): Name = "Source"; Value = "LCSC"; VariantName = "[No Variations]"
Add component (AddParameter): Name = "Value"; Value = "22uF"; VariantName = "[No Variations]"
Added Component: Designator=C17(C0805)
Add component (AddParameter): Name = "Name"; Value = "C45783"; VariantName = "[No Variations]"
Add component (AddParameter): Name = "Source"; Value = "LCSC"; VariantName = "[No Variations]"
Add component (AddParameter): Name = "Value"; Value = "22uF"; VariantName = "[No Variations]"
Added Component: Designator=CN1(CONN-SMD_100P-P0.40_10164227-1001A1RLF)
Add component (AddParameter): Name = "Name"; Value = "C6782225"; VariantName = "[No Variations]"
Add component (AddParameter): Name = "Source"; Value = "LCSC"; VariantName = "[No Variations]"
Added Component: Designator=CN2(CONN-SMD_100P-P0.40_10164227-1001A1RLF)
Add component (AddParameter): Name = "Name"; Value = "C6782225"; VariantName = "[No Variations]"
Add component (AddParameter): Name = "Source"; Value = "LCSC"; VariantName = "[No Variations]"
Added Component: Designator=CN3(CONN-SMD_91302-32-067RDM)
Added Component: Designator=CN4(FPC-SMD_22P-P0.50_FH55-22S-0.5SH)
Add component (AddParameter): Name = "Name"; Value = "C5182313"; VariantName = "[No Variations]"
Add component (AddParameter): Name = "Source"; Value = "LCSC"; VariantName = "[No Variations]"
Added Component: Designator=D1(SMB_L4.6-W3.6-LS5.3-RD)
Add component (AddParameter): Name = "Name"; Value = "C151251"; VariantName = "[No Variations]"
Add component (AddParameter): Name = "Source"; Value = "LCSC"; VariantName = "[No Variations]"
Added Component: Designator=F1(F1206)
Add component (AddParameter): Name = "Name"; Value = "C354897"; VariantName = "[No Variations]"
Add component (AddParameter): Name = "Source"; Value = "LCSC"; VariantName = "[No Variations]"
Added Component: Designator=R1(R0603)
Add component (AddParameter): Name = "Name"; Value = "C2770993"; VariantName = "[No Variations]"
Add component (AddParameter): Name = "Source"; Value = "LCSC"; VariantName = "[No Variations]"
Add component (AddParameter): Name = "Value"; Value = "6.8k"; VariantName = "[No Variations]"
Added Component: Designator=R2(R0603)
Add component (AddParameter): Name = "Name"; Value = "C23186"; VariantName = "[No Variations]"
Add component (AddParameter): Name = "Source"; Value = "LCSC"; VariantName = "[No Variations]"
Add component (AddParameter): Name = "Value"; Value = "5.1K"; VariantName = "[No Variations]"
Added Component: Designator=R3(R0603)
Add component (AddParameter): Name = "Name"; Value = "C23186"; VariantName = "[No Variations]"
Add component (AddParameter): Name = "Source"; Value = "LCSC"; VariantName = "[No Variations]"
Add component (AddParameter): Name = "Value"; Value = "5.1K"; VariantName = "[No Variations]"
Added Component: Designator=R4(R0603)
Add component (AddParameter): Name = "Name"; Value = "C25803"; VariantName = "[No Variations]"
Add component (AddParameter): Name = "Source"; Value = "LCSC"; VariantName = "[No Variations]"
Add component (AddParameter): Name = "Value"; Value = "100k"; VariantName = "[No Variations]"
Added Component: Designator=R5(R0603)
Add component (AddParameter): Name = "Name"; Value = "C25818"; VariantName = "[No Variations]"
Add component (AddParameter): Name = "Source"; Value = "LCSC"; VariantName = "[No Variations]"
Add component (AddParameter): Name = "Value"; Value = "453k"; VariantName = "[No Variations]"
Added Component: Designator=R6(R0603)
Add component (AddParameter): Name = "Name"; Value = "C25803"; VariantName = "[No Variations]"
Add component (AddParameter): Name = "Source"; Value = "LCSC"; VariantName = "[No Variations]"
Add component (AddParameter): Name = "Value"; Value = "100k"; VariantName = "[No Variations]"
Added Component: Designator=R7(R0603)
Add component (AddParameter): Name = "Name"; Value = "C723484"; VariantName = "[No Variations]"
Add component (AddParameter): Name = "Source"; Value = "LCSC"; VariantName = "[No Variations]"
Add component (AddParameter): Name = "Value"; Value = "22.1k"; VariantName = "[No Variations]"
Added Component: Designator=R8(R0603)
Add component (AddParameter): Name = "Name"; Value = "C25803"; VariantName = "[No Variations]"
Add component (AddParameter): Name = "Source"; Value = "LCSC"; VariantName = "[No Variations]"
Add component (AddParameter): Name = "Value"; Value = "100k"; VariantName = "[No Variations]"
Added Component: Designator=R9(R0603)
Add component (AddParameter): Name = "Name"; Value = "C54102278"; VariantName = "[No Variations]"
Add component (AddParameter): Name = "Source"; Value = "LCSC"; VariantName = "[No Variations]"
Add component (AddParameter): Name = "Value"; Value = "5.49k"; VariantName = "[No Variations]"
Added Component: Designator=R10(R0603)
Add component (AddParameter): Name = "Name"; Value = "C12447"; VariantName = "[No Variations]"
Add component (AddParameter): Name = "Source"; Value = "LCSC"; VariantName = "[No Variations]"
Add component (AddParameter): Name = "Value"; Value = "40.2k"; VariantName = "[No Variations]"
Added Component: Designator=U1(USB-C_SMD-TYPE-C-31-M-12_1)
Add component (AddParameter): Name = "Name"; Value = "C165948"; VariantName = "[No Variations]"
Add component (AddParameter): Name = "Source"; Value = "LCSC"; VariantName = "[No Variations]"
Added Component: Designator=U2(ESSOP-10_L4.9-W3.9-P1.0-LS6.0-TL-EP)
Add component (AddParameter): Name = "Name"; Value = "C42459160"; VariantName = "[No Variations]"
Add component (AddParameter): Name = "Source"; Value = "LCSC"; VariantName = "[No Variations]"
Added Component: Designator=U3(SOT-23-6_L2.9-W1.6-P0.95-LS2.8-BL)
Added Component: Designator=U4(IND-SMD_L5.7-W5.2)
Add component (AddParameter): Name = "Name"; Value = "C7461350"; VariantName = "[No Variations]"
Add component (AddParameter): Name = "Source"; Value = "LCSC"; VariantName = "[No Variations]"
Add component (AddParameter): Name = "Value"; Value = "6.8uH"; VariantName = "[No Variations]"
Added Component: Designator=U5(QFN-11_L2.0-W2.0-P0.50_MP2384CGG-Z)
Add component (AddParameter): Name = "Name"; Value = "C5349327"; VariantName = "[No Variations]"
Add component (AddParameter): Name = "Source"; Value = "LCSC"; VariantName = "[No Variations]"
Added Component: Designator=U6(IND-SMD_L13.8-W12.8)
Add component (AddParameter): Name = "Name"; Value = "C19268654"; VariantName = "[No Variations]"
Add component (AddParameter): Name = "Source"; Value = "LCSC"; VariantName = "[No Variations]"
Add component (AddParameter): Name = "Value"; Value = "3.3uH"; VariantName = "[No Variations]"
Added Component: Designator=U7(SOT-25-5_L2.9-W1.6-P0.95-LS2.8-BL)
Add component (AddParameter): Name = "Source"; Value = "LCSC"; VariantName = "[No Variations]"
Added Component: Designator=U8(CONN-TH_SM03B-GHS-TB-LF-SN)
Add component (AddParameter): Name = "Name"; Value = "C514175"; VariantName = "[No Variations]"
Add component (AddParameter): Name = "Source"; Value = "LCSC"; VariantName = "[No Variations]"
Added Component: Designator=USBC1(USB-C_SMD-TYPE-C-31-M-12_1)
Add component (AddParameter): Name = "Name"; Value = "C165948"; VariantName = "[No Variations]"
Add component (AddParameter): Name = "Source"; Value = "LCSC"; VariantName = "[No Variations]"
Added Pin To Net: NetName=GND Pin=C1-1
Added Pin To Net: NetName=GND Pin=C2-2
Added Pin To Net: NetName=GND Pin=C3-1
Added Pin To Net: NetName=GND Pin=C4-1
Added Pin To Net: NetName=GND Pin=C5-1
Added Pin To Net: NetName=GND Pin=C6-1
Added Pin To Net: NetName=GND Pin=C8-2
Added Pin To Net: NetName=GND Pin=C9-2
Added Pin To Net: NetName=GND Pin=C10-1
Added Pin To Net: NetName=GND Pin=C14-2
Added Pin To Net: NetName=GND Pin=C15-1
Added Pin To Net: NetName=GND Pin=C16-2
Added Pin To Net: NetName=GND Pin=C17-2
Added Pin To Net: NetName=GND Pin=CN1-1
Added Pin To Net: NetName=GND Pin=CN1-2
Added Pin To Net: NetName=GND Pin=CN1-7
Added Pin To Net: NetName=GND Pin=CN1-8
Added Pin To Net: NetName=GND Pin=CN1-13
Added Pin To Net: NetName=GND Pin=CN1-14
Added Pin To Net: NetName=GND Pin=CN1-22
Added Pin To Net: NetName=GND Pin=CN1-23
Added Pin To Net: NetName=GND Pin=CN1-32
Added Pin To Net: NetName=GND Pin=CN1-33
Added Pin To Net: NetName=GND Pin=CN1-42
Added Pin To Net: NetName=GND Pin=CN1-43
Added Pin To Net: NetName=GND Pin=CN1-52
Added Pin To Net: NetName=GND Pin=CN1-53
Added Pin To Net: NetName=GND Pin=CN1-59
Added Pin To Net: NetName=GND Pin=CN1-60
Added Pin To Net: NetName=GND Pin=CN1-65
Added Pin To Net: NetName=GND Pin=CN1-66
Added Pin To Net: NetName=GND Pin=CN1-71
Added Pin To Net: NetName=GND Pin=CN1-74
Added Pin To Net: NetName=GND Pin=CN1-98
Added Pin To Net: NetName=GND Pin=CN2-7
Added Pin To Net: NetName=GND Pin=CN2-8
Added Pin To Net: NetName=GND Pin=CN2-13
Added Pin To Net: NetName=GND Pin=CN2-14
Added Pin To Net: NetName=GND Pin=CN2-19
Added Pin To Net: NetName=GND Pin=CN2-20
Added Pin To Net: NetName=GND Pin=CN2-25
Added Pin To Net: NetName=GND Pin=CN2-26
Added Pin To Net: NetName=GND Pin=CN2-31
Added Pin To Net: NetName=GND Pin=CN2-32
Added Pin To Net: NetName=GND Pin=CN2-37
Added Pin To Net: NetName=GND Pin=CN2-38
Added Pin To Net: NetName=GND Pin=CN2-44
Added Pin To Net: NetName=GND Pin=CN2-50
Added Pin To Net: NetName=GND Pin=CN2-55
Added Pin To Net: NetName=GND Pin=CN2-56
Added Pin To Net: NetName=GND Pin=CN2-61
Added Pin To Net: NetName=GND Pin=CN2-62
Added Pin To Net: NetName=GND Pin=CN2-67
Added Pin To Net: NetName=GND Pin=CN2-68
Added Pin To Net: NetName=GND Pin=CN2-73
Added Pin To Net: NetName=GND Pin=CN2-74
Added Pin To Net: NetName=GND Pin=CN2-79
Added Pin To Net: NetName=GND Pin=CN2-80
Added Pin To Net: NetName=GND Pin=CN2-85
Added Pin To Net: NetName=GND Pin=CN2-86
Added Pin To Net: NetName=GND Pin=CN2-91
Added Pin To Net: NetName=GND Pin=CN2-92
Added Pin To Net: NetName=GND Pin=CN2-97
Added Pin To Net: NetName=GND Pin=CN2-98
Added Pin To Net: NetName=GND Pin=CN3-3
Added Pin To Net: NetName=GND Pin=CN3-27
Added Pin To Net: NetName=GND Pin=CN3-33
Added Pin To Net: NetName=GND Pin=CN3-39
Added Pin To Net: NetName=GND Pin=CN3-45
Added Pin To Net: NetName=GND Pin=CN3-51
Added Pin To Net: NetName=GND Pin=CN3-57
Added Pin To Net: NetName=GND Pin=CN3-71
Added Pin To Net: NetName=GND Pin=CN3-73
Added Pin To Net: NetName=GND Pin=CN4-1
Added Pin To Net: NetName=GND Pin=CN4-4
Added Pin To Net: NetName=GND Pin=CN4-7
Added Pin To Net: NetName=GND Pin=CN4-10
Added Pin To Net: NetName=GND Pin=CN4-13
Added Pin To Net: NetName=GND Pin=CN4-16
Added Pin To Net: NetName=GND Pin=CN4-19
Added Pin To Net: NetName=GND Pin=D1-1
Added Pin To Net: NetName=GND Pin=R1-2
Added Pin To Net: NetName=GND Pin=R2-1
Added Pin To Net: NetName=GND Pin=R3-1
Added Pin To Net: NetName=GND Pin=R4-1
Added Pin To Net: NetName=GND Pin=R7-1
Added Pin To Net: NetName=GND Pin=R9-1
Added Pin To Net: NetName=GND Pin=U1-1
Added Pin To Net: NetName=GND Pin=U1-2
Added Pin To Net: NetName=GND Pin=U1-3
Added Pin To Net: NetName=GND Pin=U1-4
Added Pin To Net: NetName=GND Pin=U1-A1B12
Added Pin To Net: NetName=GND Pin=U1-B1A12
Added Pin To Net: NetName=GND Pin=U2-11
Added Pin To Net: NetName=GND Pin=U3-1
Added Pin To Net: NetName=GND Pin=U5-2
Added Pin To Net: NetName=GND Pin=U5-3
Added Pin To Net: NetName=GND Pin=U5-4
Added Pin To Net: NetName=GND Pin=U5-9
Added Pin To Net: NetName=GND Pin=U7-3
Added Pin To Net: NetName=GND Pin=U8-1
Added Pin To Net: NetName=GND Pin=USBC1-1
Added Pin To Net: NetName=GND Pin=USBC1-2
Added Pin To Net: NetName=GND Pin=USBC1-3
Added Pin To Net: NetName=GND Pin=USBC1-4
Added Net: Name=GND
Added Pin To Net: NetName=NetC1_2 Pin=C1-2
Added Pin To Net: NetName=NetC1_2 Pin=C4-2
Added Pin To Net: NetName=NetC1_2 Pin=C5-2
Added Pin To Net: NetName=NetC1_2 Pin=C6-2
Added Pin To Net: NetName=NetC1_2 Pin=D1-2
Added Pin To Net: NetName=NetC1_2 Pin=F1-1
Added Pin To Net: NetName=NetC1_2 Pin=R5-2
Added Pin To Net: NetName=NetC1_2 Pin=U2-1
Added Pin To Net: NetName=NetC1_2 Pin=U2-8
Added Pin To Net: NetName=NetC1_2 Pin=U5-1
Added Net: Name=NetC1_2
Added Pin To Net: NetName=NetC2_1 Pin=C2-1
Added Pin To Net: NetName=NetC2_1 Pin=C3-2
Added Pin To Net: NetName=NetC2_1 Pin=C13-2
Added Pin To Net: NetName=NetC2_1 Pin=C14-1
Added Pin To Net: NetName=NetC2_1 Pin=C15-2
Added Pin To Net: NetName=NetC2_1 Pin=C16-1
Added Pin To Net: NetName=NetC2_1 Pin=C17-1
Added Pin To Net: NetName=NetC2_1 Pin=CN1-77
Added Pin To Net: NetName=NetC2_1 Pin=CN1-79
Added Pin To Net: NetName=NetC2_1 Pin=CN1-81
Added Pin To Net: NetName=NetC2_1 Pin=CN1-83
Added Pin To Net: NetName=NetC2_1 Pin=CN1-85
Added Pin To Net: NetName=NetC2_1 Pin=CN1-87
Added Pin To Net: NetName=NetC2_1 Pin=R10-2
Added Pin To Net: NetName=NetC2_1 Pin=U3-3
Added Pin To Net: NetName=NetC2_1 Pin=U6-2
Added Pin To Net: NetName=NetC2_1 Pin=U7-1
Added Pin To Net: NetName=NetC2_1 Pin=U7-2
Added Net: Name=NetC2_1
Added Pin To Net: NetName=NetC7_1 Pin=C7-1
Added Pin To Net: NetName=NetC7_1 Pin=U3-2
Added Pin To Net: NetName=NetC7_1 Pin=U4-1
Added Net: Name=NetC7_1
Added Pin To Net: NetName=NetC7_2 Pin=C7-2
Added Pin To Net: NetName=NetC7_2 Pin=U3-6
Added Net: Name=NetC7_2
Added Pin To Net: NetName=NetC10_2 Pin=C10-2
Added Pin To Net: NetName=NetC10_2 Pin=R6-1
Added Pin To Net: NetName=NetC10_2 Pin=U5-8
Added Net: Name=NetC10_2
Added Pin To Net: NetName=NetC11_1 Pin=C11-1
Added Pin To Net: NetName=NetC11_1 Pin=R7-2
Added Pin To Net: NetName=NetC11_1 Pin=R8-1
Added Pin To Net: NetName=NetC11_1 Pin=U3-4
Added Net: Name=NetC11_1
Added Pin To Net: NetName=NetC11_2 Pin=C11-2
Added Pin To Net: NetName=NetC11_2 Pin=CN3-2
Added Pin To Net: NetName=NetC11_2 Pin=CN3-4
Added Pin To Net: NetName=NetC11_2 Pin=CN3-70
Added Pin To Net: NetName=NetC11_2 Pin=CN3-72
Added Pin To Net: NetName=NetC11_2 Pin=CN3-74
Added Pin To Net: NetName=NetC11_2 Pin=R8-2
Added Pin To Net: NetName=NetC11_2 Pin=U4-2
Added Net: Name=NetC11_2
Added Pin To Net: NetName=NetC12_1 Pin=C12-1
Added Pin To Net: NetName=NetC12_1 Pin=U5-6
Added Pin To Net: NetName=NetC12_1 Pin=U6-1
Added Net: Name=NetC12_1
Added Pin To Net: NetName=NetC12_2 Pin=C12-2
Added Pin To Net: NetName=NetC12_2 Pin=U5-7
Added Net: Name=NetC12_2
Added Pin To Net: NetName=NetC13_1 Pin=C13-1
Added Pin To Net: NetName=NetC13_1 Pin=R9-2
Added Pin To Net: NetName=NetC13_1 Pin=R10-1
Added Pin To Net: NetName=NetC13_1 Pin=U5-10
Added Net: Name=NetC13_1
Added Pin To Net: NetName=NetCN1_51 Pin=CN1-51
Added Pin To Net: NetName=NetCN1_51 Pin=U8-3
Added Net: Name=NetCN1_51
Added Pin To Net: NetName=NetCN1_55 Pin=CN1-55
Added Pin To Net: NetName=NetCN1_55 Pin=U8-2
Added Net: Name=NetCN1_55
Added Pin To Net: NetName=NetCN1_78 Pin=CN1-78
Added Pin To Net: NetName=NetCN1_78 Pin=CN1-84
Added Pin To Net: NetName=NetCN1_78 Pin=CN1-86
Added Net: Name=NetCN1_78
Added Pin To Net: NetName=NetCN1_80 Pin=CN1-80
Added Pin To Net: NetName=NetCN1_80 Pin=CN4-20
Added Net: Name=NetCN1_80
Added Pin To Net: NetName=NetCN1_82 Pin=CN1-82
Added Pin To Net: NetName=NetCN1_82 Pin=CN4-21
Added Net: Name=NetCN1_82
Added Pin To Net: NetName=NetCN1_97 Pin=CN1-97
Added Pin To Net: NetName=NetCN1_97 Pin=CN4-17
Added Net: Name=NetCN1_97
Added Pin To Net: NetName=NetCN1_100 Pin=CN1-100
Added Pin To Net: NetName=NetCN1_100 Pin=CN4-18
Added Net: Name=NetCN1_100
Added Pin To Net: NetName=NetCN2_2 Pin=CN2-2
Added Pin To Net: NetName=NetCN2_2 Pin=CN3-52
Added Net: Name=NetCN2_2
Added Pin To Net: NetName=NetCN2_3 Pin=CN2-3
Added Pin To Net: NetName=NetCN2_3 Pin=USBC1-A7
Added Pin To Net: NetName=NetCN2_3 Pin=USBC1-B7
Added Net: Name=NetCN2_3
Added Pin To Net: NetName=NetCN2_5 Pin=CN2-5
Added Pin To Net: NetName=NetCN2_5 Pin=USBC1-A6
Added Pin To Net: NetName=NetCN2_5 Pin=USBC1-B6
Added Net: Name=NetCN2_5
Added Pin To Net: NetName=NetCN2_9 Pin=CN2-9
Added Pin To Net: NetName=NetCN2_9 Pin=CN3-50
Added Net: Name=NetCN2_9
Added Pin To Net: NetName=NetCN2_10 Pin=CN2-10
Added Pin To Net: NetName=NetCN2_10 Pin=CN3-55
Added Net: Name=NetCN2_10
Added Pin To Net: NetName=NetCN2_12 Pin=CN2-12
Added Pin To Net: NetName=NetCN2_12 Pin=CN3-53
Added Net: Name=NetCN2_12
Added Pin To Net: NetName=NetCN2_15 Pin=CN2-15
Added Pin To Net: NetName=NetCN2_15 Pin=CN4-2
Added Net: Name=NetCN2_15
Added Pin To Net: NetName=NetCN2_16 Pin=CN2-16
Added Pin To Net: NetName=NetCN2_16 Pin=CN3-49
Added Net: Name=NetCN2_16
Added Pin To Net: NetName=NetCN2_17 Pin=CN2-17
Added Pin To Net: NetName=NetCN2_17 Pin=CN4-3
Added Net: Name=NetCN2_17
Added Pin To Net: NetName=NetCN2_18 Pin=CN2-18
Added Pin To Net: NetName=NetCN2_18 Pin=CN3-47
Added Net: Name=NetCN2_18
Added Pin To Net: NetName=NetCN2_21 Pin=CN2-21
Added Pin To Net: NetName=NetCN2_21 Pin=CN4-5
Added Net: Name=NetCN2_21
Added Pin To Net: NetName=NetCN2_22 Pin=CN2-22
Added Pin To Net: NetName=NetCN2_22 Pin=CN3-43
Added Net: Name=NetCN2_22
Added Pin To Net: NetName=NetCN2_23 Pin=CN2-23
Added Pin To Net: NetName=NetCN2_23 Pin=CN4-6
Added Net: Name=NetCN2_23
Added Pin To Net: NetName=NetCN2_24 Pin=CN2-24
Added Pin To Net: NetName=NetCN2_24 Pin=CN3-41
Added Net: Name=NetCN2_24
Added Pin To Net: NetName=NetCN2_27 Pin=CN2-27
Added Pin To Net: NetName=NetCN2_27 Pin=CN4-8
Added Net: Name=NetCN2_27
Added Pin To Net: NetName=NetCN2_29 Pin=CN2-29
Added Pin To Net: NetName=NetCN2_29 Pin=CN4-9
Added Net: Name=NetCN2_29
Added Pin To Net: NetName=NetCN2_33 Pin=CN2-33
Added Pin To Net: NetName=NetCN2_33 Pin=CN4-11
Added Net: Name=NetCN2_33
Added Pin To Net: NetName=NetCN2_35 Pin=CN2-35
Added Pin To Net: NetName=NetCN2_35 Pin=CN4-12
Added Net: Name=NetCN2_35
Added Pin To Net: NetName=NetCN2_39 Pin=CN2-39
Added Pin To Net: NetName=NetCN2_39 Pin=CN4-14
Added Net: Name=NetCN2_39
Added Pin To Net: NetName=NetCN2_41 Pin=CN2-41
Added Pin To Net: NetName=NetCN2_41 Pin=CN4-15
Added Net: Name=NetCN2_41
Added Pin To Net: NetName=NetCN4_22 Pin=CN4-22
Added Pin To Net: NetName=NetCN4_22 Pin=U7-4
Added Net: Name=NetCN4_22
Added Pin To Net: NetName=NetF1_2 Pin=F1-2
Added Pin To Net: NetName=NetF1_2 Pin=U1-A4B9
Added Pin To Net: NetName=NetF1_2 Pin=U1-B4A9
Added Net: Name=NetF1_2
Added Pin To Net: NetName=NetR1_1 Pin=R1-1
Added Pin To Net: NetName=NetR1_1 Pin=U2-9
Added Net: Name=NetR1_1
Added Pin To Net: NetName=NetR2_2 Pin=R2-2
Added Pin To Net: NetName=NetR2_2 Pin=USBC1-B5
Added Net: Name=NetR2_2
Added Pin To Net: NetName=NetR3_2 Pin=R3-2
Added Pin To Net: NetName=NetR3_2 Pin=USBC1-A5
Added Net: Name=NetR3_2
Added Pin To Net: NetName=NetR4_2 Pin=R4-2
Added Pin To Net: NetName=NetR4_2 Pin=R5-1
Added Pin To Net: NetName=NetR4_2 Pin=U5-11
Added Net: Name=NetR4_2
Added Pin To Net: NetName=NetR6_2 Pin=R6-2
Added Pin To Net: NetName=NetR6_2 Pin=U5-5
Added Net: Name=NetR6_2
Added Pin To Net: NetName=NetU1_A5 Pin=U1-A5
Added Pin To Net: NetName=NetU1_A5 Pin=U2-7
Added Net: Name=NetU1_A5
Added Pin To Net: NetName=NetU1_A6 Pin=U1-A6
Added Pin To Net: NetName=NetU1_A6 Pin=U1-B6
Added Pin To Net: NetName=NetU1_A6 Pin=U2-4
Added Net: Name=NetU1_A6
Added Pin To Net: NetName=NetU1_A7 Pin=U1-A7
Added Pin To Net: NetName=NetU1_A7 Pin=U1-B7
Added Pin To Net: NetName=NetU1_A7 Pin=U2-5
Added Net: Name=NetU1_A7
Added Pin To Net: NetName=NetU1_B5 Pin=U1-B5
Added Pin To Net: NetName=NetU1_B5 Pin=U2-6
Added Net: Name=NetU1_B5
Added Pin To Net: NetName=NetUSBC1_A4B9 Pin=USBC1-A4B9
Added Pin To Net: NetName=NetUSBC1_A4B9 Pin=USBC1-B4A9
Added Net: Name=NetUSBC1_A4B9
Added Class: Name=Amphenol ICC
Added Class: Name=M.2 & CSI2
Added Class: Name=Power Rails
Added Class: Name=USBC_Protection
Added Rule: Name=Schematic Supply Nets
