Change Physical Footprint: Designator=C1 Old Footprint=C0603 New Footprint=C0603
Change Physical Footprint: Designator=C2 Old Footprint=C0805 New Footprint=C0805
Change Physical Footprint: Designator=C3 Old Footprint=C0603 New Footprint=C0603
Change Physical Footprint: Designator=C4 Old Footprint=C0603 New Footprint=C0603
Change Physical Footprint: Designator=C5 Old Footprint=C0805 New Footprint=C0805
Change Physical Footprint: Designator=C6 Old Footprint=C0805 New Footprint=C0805
Change Physical Footprint: Designator=C7 Old Footprint=C0603 New Footprint=C0603
Change Physical Footprint: Designator=C8 Old Footprint=C0805 New Footprint=C0805
Change Physical Footprint: Designator=C9 Old Footprint=C0805 New Footprint=C0805
Change Physical Footprint: Designator=C10 Old Footprint=C0603 New Footprint=C0603
Change Physical Footprint: Designator=C11 Old Footprint=C0603 New Footprint=C0603
Change Physical Footprint: Designator=C12 Old Footprint=C0603 New Footprint=C0603
Change Physical Footprint: Designator=C13 Old Footprint=C0603 New Footprint=C0603
Change Physical Footprint: Designator=C14 Old Footprint=C0805 New Footprint=C0805
Change Physical Footprint: Designator=C15 Old Footprint=C0603 New Footprint=C0603
Change Physical Footprint: Designator=C16 Old Footprint=C0805 New Footprint=C0805
Change Physical Footprint: Designator=C17 Old Footprint=C0805 New Footprint=C0805
Change Physical Footprint: Designator=CN1 Old Footprint=CONN-SMD_100P-P0.40_10164227-1001A1RLF New Footprint=CONN-SMD_100P-P0.40_10164227-1001A1RLF
Change Physical Footprint: Designator=CN2 Old Footprint=CONN-SMD_100P-P0.40_10164227-1001A1RLF New Footprint=CONN-SMD_100P-P0.40_10164227-1001A1RLF
Change Physical Footprint: Designator=CN3 Old Footprint=CONN-SMD_91302-32-067RDM New Footprint=CONN-SMD_91302-32-067RDM
Change Physical Footprint: Designator=CN4 Old Footprint=FPC-SMD_22P-P0.50_FH55-22S-0.5SH New Footprint=FPC-SMD_22P-P0.50_FH55-22S-0.5SH
Change Physical Footprint: Designator=D1 Old Footprint=SMB_L4.6-W3.6-LS5.3-RD New Footprint=SMB_L4.6-W3.6-LS5.3-RD
Change Physical Footprint: Designator=F1 Old Footprint=F1206 New Footprint=F1206
Change Physical Footprint: Designator=R1 Old Footprint=R0603 New Footprint=R0603
Change Physical Footprint: Designator=R2 Old Footprint=R0603 New Footprint=R0603
Change Physical Footprint: Designator=R3 Old Footprint=R0603 New Footprint=R0603
Change Physical Footprint: Designator=R4 Old Footprint=R0603 New Footprint=R0603
Change Physical Footprint: Designator=R5 Old Footprint=R0603 New Footprint=R0603
Change Physical Footprint: Designator=R6 Old Footprint=R0603 New Footprint=R0603
Change Physical Footprint: Designator=R7 Old Footprint=R0603 New Footprint=R0603
Change Physical Footprint: Designator=R8 Old Footprint=R0603 New Footprint=R0603
Change Physical Footprint: Designator=R9 Old Footprint=R0603 New Footprint=R0603
Change Physical Footprint: Designator=R10 Old Footprint=R0603 New Footprint=R0603
Change Physical Footprint: Designator=SW Old Footprint=SW-SMD_L3.9-W3.0-P4.45 New Footprint=SW-SMD_L3.9-W3.0-P4.45
Change Physical Footprint: Designator=U1 Old Footprint=SOT-23-6_L2.9-W1.6-P0.95-LS2.8-BL New Footprint=SOT-23-6_L2.9-W1.6-P0.95-LS2.8-BL
Change Physical Footprint: Designator=U2 Old Footprint=ESSOP-10_L4.9-W3.9-P1.0-LS6.0-TL-EP New Footprint=ESSOP-10_L4.9-W3.9-P1.0-LS6.0-TL-EP
Change Physical Footprint: Designator=U3 Old Footprint=SOT-25-5_L2.9-W1.6-P0.95-LS2.8-BL New Footprint=SOT-25-5_L2.9-W1.6-P0.95-LS2.8-BL
Change Physical Footprint: Designator=U4 Old Footprint=IND-SMD_L5.7-W5.2 New Footprint=IND-SMD_L5.7-W5.2
Change Physical Footprint: Designator=U5 Old Footprint=QFN-11_L2.0-W2.0-P0.50_MP2384CGG-Z New Footprint=QFN-11_L2.0-W2.0-P0.50_MP2384CGG-Z
Change Physical Footprint: Designator=U6 Old Footprint=IND-SMD_L13.8-W12.8 New Footprint=IND-SMD_L13.8-W12.8
Change Physical Footprint: Designator=U8 Old Footprint=CONN-TH_SM03B-GHS-TB-LF-SN New Footprint=CONN-TH_SM03B-GHS-TB-LF-SN
Change Physical Footprint: Designator=USBC1 Old Footprint=USB-C_SMD-TYPE-C-31-M-12_1 New Footprint=USB-C_SMD-TYPE-C-31-M-12_1
Change Physical Footprint: Designator=USBC2 Old Footprint=USB-C_SMD-TYPE-C-31-M-12_1 New Footprint=USB-C_SMD-TYPE-C-31-M-12_1
