Removed Pin From Net: NetName=GND Pin=USBC 1-1
Removed Pin From Net: NetName=GND Pin=USBC 1-2
Removed Pin From Net: NetName=GND Pin=USBC 1-3
Removed Pin From Net: NetName=GND Pin=USBC 1-4
Removed Pin From Net: NetName=GND Pin=USBC 1-A1B12
Removed Pin From Net: NetName=NetF1_2 Pin=USBC 1-A4B9
Removed Pin From Net: NetName=NetU2_7 Pin=USBC 1-A5
Removed Pin From Net: NetName=NetU2_4 Pin=USBC 1-A6
Removed Pin From Net: NetName=NetU2_5 Pin=USBC 1-A7
Removed Pin From Net: NetName=GND Pin=USBC 1-B1A12
Removed Pin From Net: NetName=NetF1_2 Pin=USBC 1-B4A9
Removed Pin From Net: NetName=NetU2_6 Pin=USBC 1-B5
Removed Pin From Net: NetName=NetU2_4 Pin=USBC 1-B6
Removed Pin From Net: NetName=NetU2_5 Pin=USBC 1-B7
Removed Member From Class: ClassName=USBC_Protection Member=USBC 1
Added Component: Designator=USBC1(USB-C_SMD-TYPE-C-31-M-12_1)
Add component (AddParameter): Name = "Name"; Value = "C165948"; VariantName = "[No Variations]"
Add component (AddParameter): Name = "Source"; Value = "LCSC"; VariantName = "[No Variations]"
Added Pin To Net: NetName=GND Pin=USBC1-1
Added Pin To Net: NetName=GND Pin=USBC1-2
Added Pin To Net: NetName=GND Pin=USBC1-3
Added Pin To Net: NetName=GND Pin=USBC1-4
Added Pin To Net: NetName=GND Pin=USBC1-A1B12
Added Pin To Net: NetName=NetF1_2 Pin=USBC1-A4B9
Added Pin To Net: NetName=NetU2_7 Pin=USBC1-A5
Added Pin To Net: NetName=NetU2_4 Pin=USBC1-A6
Added Pin To Net: NetName=NetU2_5 Pin=USBC1-A7
Added Pin To Net: NetName=GND Pin=USBC1-B1A12
Added Pin To Net: NetName=NetF1_2 Pin=USBC1-B4A9
Added Pin To Net: NetName=NetU2_6 Pin=USBC1-B5
Added Pin To Net: NetName=NetU2_4 Pin=USBC1-B6
Added Pin To Net: NetName=NetU2_5 Pin=USBC1-B7
Added Member To Class: ClassName=USBC_Protection Member=Component USBC1 TYPE-C-31-M-12
